// Jest Snapshot v1, https://goo.gl/fbAQLP

exports[`<CounterApp/>  component should match with the snapshot 1`] = `
<div>
  <h1>
    Counter app
  </h1>
  <h2>
    10
  </h2>
  <button>
    +1
  </button>
  <button>
    -1
  </button>
  <button
    aria-label="btn-reset"
  >
    Reset
  </button>
</div>
`;
